[0m19:28:33.156586 [debug] [MainThread]: Sending event: {'category': 'dbt', 'action': 'invocation', 'label': 'start', 'context': [<snowplow_tracker.self_describing_json.SelfDescribingJson object at 0x7340e154e920>, <snowplow_tracker.self_describing_json.SelfDescribingJson object at 0x7340df3cb5e0>, <snowplow_tracker.self_describing_json.SelfDescribingJson object at 0x7340df3cb610>]}


============================== 19:28:33.170455 | d6b37f94-fa6b-4d75-91ac-1a484d7bbb79 ==============================
[0m19:28:33.170455 [info ] [MainThread]: Running with dbt=1.6.1
[0m19:28:33.171127 [debug] [MainThread]: running dbt with arguments {'invocation_command': 'dbt init', 'version_check': 'True', 'warn_error_options': 'WarnErrorOptions(include=[], exclude=[])', 'quiet': 'False', 'printer_width': '80', 'target_path': 'None', 'indirect_selection': 'eager', 'send_anonymous_usage_stats': 'True', 'use_colors': 'True', 'static_parser': 'True', 'log_cache_events': 'False', 'log_path': 'logs', 'profiles_dir': '/home/vscode/.dbt', 'cache_selected_only': 'False', 'introspect': 'True', 'warn_error': 'None', 'write_json': 'True', 'use_experimental_parser': 'False', 'partial_parse': 'True', 'no_print': 'None', 'debug': 'False', 'log_format': 'default', 'fail_fast': 'False'}
[0m19:28:33.171721 [warn ] [MainThread]: [ConfigFolderDirectory]: Unable to parse dict {'dir': PosixPath('/home/vscode/.dbt')}
[0m19:28:33.172168 [info ] [MainThread]: Creating dbt configuration folder at 
[0m19:29:00.000567 [debug] [MainThread]: Starter project path: /home/vscode/.local/lib/python3.10/site-packages/dbt/include/starter_project
[0m19:29:00.009372 [info ] [MainThread]: 
Your new dbt project "nyc_parking_violations" was created!

For more information on how to configure the profiles.yml file,
please consult the dbt documentation here:

  https://docs.getdbt.com/docs/configure-your-profile

One more thing:

Need help? Don't hesitate to reach out to us via GitHub issues or on Slack:

  https://community.getdbt.com/

Happy modeling!

[0m19:29:00.010087 [info ] [MainThread]: Setting up your profile.
[0m19:29:16.317648 [info ] [MainThread]: No sample profile found for duckdb.
[0m19:29:16.318464 [debug] [MainThread]: Command `dbt init` succeeded at 19:29:16.318309 after 43.16 seconds
[0m19:29:16.319067 [debug] [MainThread]: Sending event: {'category': 'dbt', 'action': 'invocation', 'label': 'end', 'context': [<snowplow_tracker.self_describing_json.SelfDescribingJson object at 0x7340e154e920>, <snowplow_tracker.self_describing_json.SelfDescribingJson object at 0x7340df24b520>, <snowplow_tracker.self_describing_json.SelfDescribingJson object at 0x7340df24b880>]}
[0m19:29:16.319752 [debug] [MainThread]: Flushing usage events
